// Jest Snapshot v1, https://goo.gl/fbAQLP

exports[`Test types 1`] = `
Object {
  "data": Object {
    "card": Object {
      "cardType": "VISA",
      "isExpired": true,
      "number": "4111111111111111",
      "validCVV": false,
      "validExpiryMonth": false,
      "validExpiryYear": false,
    },
    "date": 1494189482,
    "email": null,
    "phone": "+15072273854",
    "state": "MN",
    "zip1": null,
    "zip2": "00631",
  },
  "errors": Array [
    [GraphQLError: Expected a value of type "NonEmptyString" but received: ],
    [GraphQLError: 00000 is not a valid zipcode],
  ],
}
`;
